172.19.0.11 - - [22/Jul/2026:07:55:40 +0000] "GET /rest/products/search?q=%3Cimg+src%3Dx+onerror%3Dalert(1)%3E HTTP/1.1" 403 146 "-" "curl/8.21.0" "-"
172.19.0.51 - - [22/Jul/2026:07:55:44 +0000] "GET /rest/products/2/reviews HTTP/1.1" 200 184 "-" "curl/8.21.0" "-"
172.19.0.51 - - [22/Jul/2026:07:55:46 +0000] "GET /rest/products/search?q=banana HTTP/1.1" 200 277 "-" "curl/8.21.0" "-"
172.19.0.11 - - [22/Jul/2026:07:55:50 +0000] "GET /rest/products/search?q=%3Csvg/onload%3Dalert(document.domain)%3E HTTP/1.1" 403 146 "-" "curl/8.21.0" "-"
172.19.0.52 - - [22/Jul/2026:07:55:50 +0000] "GET /rest/products/search?q=banana HTTP/1.1" 200 277 "-" "curl/8.21.0" "-"
172.19.0.50 - - [22/Jul/2026:07:55:53 +0000] "GET /rest/products HTTP/1.1" 500 3022 "-" "curl/8.21.0" "-"
172.19.0.50 - - [22/Jul/2026:07:55:57 +0000] "GET / HTTP/1.1" 200 9903 "-" "curl/8.21.0" "-"
172.19.0.50 - - [22/Jul/2026:07:56:01 +0000] "GET / HTTP/1.1" 200 9903 "-" "curl/8.21.0" "-"
172.19.0.50 - - [22/Jul/2026:07:56:03 +0000] "GET /rest/products/search?q=apple HTTP/1.1" 200 921 "-" "curl/8.21.0" "-"
172.19.0.51 - - [22/Jul/2026:07:56:07 +0000] "GET /rest/products/search?q=orange HTTP/1.1" 200 301 "-" "curl/8.21.0" "-"
172.19.0.11 - - [22/Jul/2026:07:56:08 +0000] "GET /redirect?to=javascript:alert(document.cookie) HTTP/1.1" 403 146 "-" "curl/8.21.0" "-"
172.19.0.50 - - [22/Jul/2026:07:56:10 +0000] "GET / HTTP/1.1" 200 9903 "-" "curl/8.21.0" "-"
172.19.0.51 - - [22/Jul/2026:07:56:13 +0000] "GET / HTTP/1.1" 200 9903 "-" "curl/8.21.0" "-"
172.19.0.52 - - [22/Jul/2026:07:56:17 +0000] "GET / HTTP/1.1" 200 9903 "-" "curl/8.21.0" "-"
172.19.0.11 - - [22/Jul/2026:07:56:17 +0000] "POST /api/Feedbacks HTTP/1.1" 403 146 "-" "curl/8.21.0" "-"
172.19.0.51 - - [22/Jul/2026:07:56:18 +0000] "GET / HTTP/1.1" 200 9903 "-" "curl/8.21.0" "-"
172.19.0.50 - - [22/Jul/2026:07:56:22 +0000] "GET /rest/products/search?q=apple HTTP/1.1" 200 921 "-" "curl/8.21.0" "-"
172.19.0.51 - - [22/Jul/2026:07:56:26 +0000] "GET /rest/products/search?q=banana HTTP/1.1" 200 277 "-" "curl/8.21.0" "-"
172.19.0.51 - - [22/Jul/2026:07:56:28 +0000] "GET /rest/products/search?q=orange HTTP/1.1" 200 301 "-" "curl/8.21.0" "-"
172.19.0.52 - - [22/Jul/2026:07:56:30 +0000] "GET /rest/products HTTP/1.1" 500 3022 "-" "curl/8.21.0" "-"
172.19.0.51 - - [22/Jul/2026:07:56:32 +0000] "GET /rest/products/1/reviews HTTP/1.1" 200 395 "-" "curl/8.21.0" "-"
172.19.0.11 - - [22/Jul/2026:07:56:35 +0000] "POST /api/Feedbacks HTTP/1.1" 403 146 "-" "curl/8.21.0" "-"
172.19.0.50 - - [22/Jul/2026:07:56:35 +0000] "GET / HTTP/1.1" 200 9903 "-" "curl/8.21.0" "-"
172.19.0.52 - - [22/Jul/2026:07:56:38 +0000] "GET /rest/products/1/reviews HTTP/1.1" 200 395 "-" "curl/8.21.0" "-"
172.19.0.52 - - [22/Jul/2026:07:56:41 +0000] "GET / HTTP/1.1" 200 9903 "-" "curl/8.21.0" "-"
172.19.0.50 - - [22/Jul/2026:07:56:44 +0000] "GET /rest/products/search?q=orange HTTP/1.1" 200 301 "-" "curl/8.21.0" "-"
172.19.0.52 - - [22/Jul/2026:07:56:45 +0000] "GET / HTTP/1.1" 200 9903 "-" "curl/8.21.0" "-"
172.19.0.51 - - [22/Jul/2026:07:56:49 +0000] "GET /rest/products/2/reviews HTTP/1.1" 200 184 "-" "curl/8.21.0" "-"
172.19.0.51 - - [22/Jul/2026:07:56:50 +0000] "GET /rest/products/1/reviews HTTP/1.1" 200 395 "-" "curl/8.21.0" "-"
172.19.0.11 - - [22/Jul/2026:07:56:52 +0000] "POST /api/Users HTTP/1.1" 403 146 "-" "curl/8.21.0" "-"
172.19.0.52 - - [22/Jul/2026:07:56:54 +0000] "GET /rest/products HTTP/1.1" 500 3022 "-" "curl/8.21.0" "-"
172.19.0.52 - - [22/Jul/2026:07:56:56 +0000] "GET / HTTP/1.1" 200 9903 "-" "curl/8.21.0" "-"
172.19.0.52 - - [22/Jul/2026:07:56:58 +0000] "GET /rest/products HTTP/1.1" 500 3022 "-" "curl/8.21.0" "-"
172.19.0.51 - - [22/Jul/2026:07:57:01 +0000] "GET / HTTP/1.1" 200 9903 "-" "curl/8.21.0" "-"
172.19.0.51 - - [22/Jul/2026:07:57:03 +0000] "GET /rest/products/2/reviews HTTP/1.1" 200 184 "-" "curl/8.21.0" "-"
172.19.0.51 - - [22/Jul/2026:07:57:07 +0000] "GET /rest/products/search?q=orange HTTP/1.1" 200 301 "-" "curl/8.21.0" "-"
172.19.0.50 - - [22/Jul/2026:07:57:08 +0000] "GET /rest/products/search?q=apple HTTP/1.1" 200 921 "-" "curl/8.21.0" "-"
172.19.0.51 - - [22/Jul/2026:07:57:10 +0000] "GET /rest/products/2/reviews HTTP/1.1" 200 184 "-" "curl/8.21.0" "-"
172.19.0.51 - - [22/Jul/2026:07:57:13 +0000] "GET /rest/products/search?q=banana HTTP/1.1" 200 277 "-" "curl/8.21.0" "-"
172.19.0.50 - - [22/Jul/2026:07:57:16 +0000] "GET /rest/products/2/reviews HTTP/1.1" 200 184 "-" "curl/8.21.0" "-"
172.19.0.52 - - [22/Jul/2026:07:57:19 +0000] "GET /rest/products HTTP/1.1" 500 3022 "-" "curl/8.21.0" "-"
172.19.0.52 - - [22/Jul/2026:07:57:22 +0000] "GET /rest/products/1/reviews HTTP/1.1" 200 395 "-" "curl/8.21.0" "-"
172.19.0.51 - - [22/Jul/2026:07:57:24 +0000] "GET /rest/products/search?q=banana HTTP/1.1" 200 277 "-" "curl/8.21.0" "-"
172.19.0.52 - - [22/Jul/2026:07:57:28 +0000] "GET / HTTP/1.1" 200 9903 "-" "curl/8.21.0" "-"
172.19.0.51 - - [22/Jul/2026:07:57:31 +0000] "GET /rest/products/search?q=banana HTTP/1.1" 200 277 "-" "curl/8.21.0" "-"
172.19.0.50 - - [22/Jul/2026:07:57:32 +0000] "GET /rest/products/2/reviews HTTP/1.1" 200 184 "-" "curl/8.21.0" "-"
172.19.0.51 - - [22/Jul/2026:07:57:35 +0000] "GET /rest/products/1/reviews HTTP/1.1" 200 395 "-" "curl/8.21.0" "-"
172.19.0.50 - - [22/Jul/2026:07:57:37 +0000] "GET /rest/products/search?q=apple HTTP/1.1" 200 921 "-" "curl/8.21.0" "-"
172.19.0.51 - - [22/Jul/2026:07:57:38 +0000] "GET /rest/products/search?q=apple HTTP/1.1" 200 921 "-" "curl/8.21.0" "-"
172.19.0.52 - - [22/Jul/2026:07:57:41 +0000] "GET /rest/products/2/reviews HTTP/1.1" 200 184 "-" "curl/8.21.0" "-"
172.19.0.50 - - [22/Jul/2026:07:57:42 +0000] "GET /rest/products/1/reviews HTTP/1.1" 200 395 "-" "curl/8.21.0" "-"
172.19.0.50 - - [22/Jul/2026:07:57:44 +0000] "GET / HTTP/1.1" 200 9903 "-" "curl/8.21.0" "-"
172.19.0.52 - - [22/Jul/2026:07:57:46 +0000] "GET /rest/products/search?q=apple HTTP/1.1" 200 921 "-" "curl/8.21.0" "-"
172.19.0.52 - - [22/Jul/2026:07:57:50 +0000] "GET / HTTP/1.1" 200 9903 "-" "curl/8.21.0" "-"
172.19.0.52 - - [22/Jul/2026:07:57:53 +0000] "GET /rest/products/search?q=banana HTTP/1.1" 200 277 "-" "curl/8.21.0" "-"
172.19.0.50 - - [22/Jul/2026:07:57:56 +0000] "GET / HTTP/1.1" 200 9903 "-" "curl/8.21.0" "-"
172.19.0.51 - - [22/Jul/2026:07:58:00 +0000] "GET /rest/products/1/reviews HTTP/1.1" 200 395 "-" "curl/8.21.0" "-"
172.19.0.52 - - [22/Jul/2026:07:58:02 +0000] "GET /rest/products HTTP/1.1" 500 3022 "-" "curl/8.21.0" "-"
172.19.0.51 - - [22/Jul/2026:07:58:05 +0000] "GET / HTTP/1.1" 200 9903 "-" "curl/8.21.0" "-"
172.19.0.51 - - [22/Jul/2026:07:58:07 +0000] "GET /rest/products/2/reviews HTTP/1.1" 200 184 "-" "curl/8.21.0" "-"
172.19.0.51 - - [22/Jul/2026:07:58:10 +0000] "GET / HTTP/1.1" 200 9903 "-" "curl/8.21.0" "-"
172.19.0.51 - - [22/Jul/2026:07:58:14 +0000] "GET /rest/products/2/reviews HTTP/1.1" 200 184 "-" "curl/8.21.0" "-"
172.19.0.50 - - [22/Jul/2026:07:58:17 +0000] "GET /rest/products HTTP/1.1" 500 3022 "-" "curl/8.21.0" "-"
172.19.0.50 - - [22/Jul/2026:07:58:20 +0000] "GET /rest/products HTTP/1.1" 500 3022 "-" "curl/8.21.0" "-"
172.19.0.50 - - [22/Jul/2026:07:58:23 +0000] "GET /rest/products/search?q=orange HTTP/1.1" 200 301 "-" "curl/8.21.0" "-"
172.19.0.52 - - [22/Jul/2026:07:58:26 +0000] "GET /rest/products/search?q=orange HTTP/1.1" 200 301 "-" "curl/8.21.0" "-"
172.19.0.50 - - [22/Jul/2026:07:58:28 +0000] "GET /rest/products/search?q=banana HTTP/1.1" 200 277 "-" "curl/8.21.0" "-"
172.19.0.50 - - [22/Jul/2026:07:58:29 +0000] "GET /rest/products/search?q=banana HTTP/1.1" 200 277 "-" "curl/8.21.0" "-"
172.19.0.51 - - [22/Jul/2026:07:58:33 +0000] "GET / HTTP/1.1" 200 9903 "-" "curl/8.21.0" "-"
172.19.0.51 - - [22/Jul/2026:07:58:35 +0000] "GET / HTTP/1.1" 200 9903 "-" "curl/8.21.0" "-"
172.19.0.52 - - [22/Jul/2026:07:58:38 +0000] "GET /rest/products/search?q=banana HTTP/1.1" 200 277 "-" "curl/8.21.0" "-"
172.19.0.51 - - [22/Jul/2026:07:58:40 +0000] "GET / HTTP/1.1" 200 9903 "-" "curl/8.21.0" "-"
172.19.0.52 - - [22/Jul/2026:07:58:41 +0000] "GET / HTTP/1.1" 200 9903 "-" "curl/8.21.0" "-"
172.19.0.52 - - [22/Jul/2026:07:58:43 +0000] "GET / HTTP/1.1" 200 9903 "-" "curl/8.21.0" "-"
172.19.0.50 - - [22/Jul/2026:07:58:45 +0000] "GET / HTTP/1.1" 200 9903 "-" "curl/8.21.0" "-"
172.19.0.52 - - [22/Jul/2026:07:58:46 +0000] "GET /rest/products/search?q=banana HTTP/1.1" 200 277 "-" "curl/8.21.0" "-"
172.19.0.50 - - [22/Jul/2026:07:58:48 +0000] "GET /rest/products/1/reviews HTTP/1.1" 200 395 "-" "curl/8.21.0" "-"
172.19.0.50 - - [22/Jul/2026:07:58:50 +0000] "GET / HTTP/1.1" 200 9903 "-" "curl/8.21.0" "-"
172.19.0.52 - - [22/Jul/2026:07:58:53 +0000] "GET /rest/products HTTP/1.1" 500 3022 "-" "curl/8.21.0" "-"
172.19.0.51 - - [22/Jul/2026:07:58:54 +0000] "GET / HTTP/1.1" 200 9903 "-" "curl/8.21.0" "-"
172.19.0.50 - - [22/Jul/2026:07:58:57 +0000] "GET / HTTP/1.1" 200 9903 "-" "curl/8.21.0" "-"
172.19.0.12 - - [22/Jul/2026:07:58:58 +0000] "GET / HTTP/1.1" 200 9903 "-" "curl/8.21.0" "-"
172.19.0.51 - - [22/Jul/2026:07:58:59 +0000] "GET / HTTP/1.1" 200 9903 "-" "curl/8.21.0" "-"
172.19.0.50 - - [22/Jul/2026:07:59:02 +0000] "GET / HTTP/1.1" 200 9903 "-" "curl/8.21.0" "-"
172.19.0.50 - - [22/Jul/2026:07:59:04 +0000] "GET /rest/products/search?q=apple HTTP/1.1" 200 921 "-" "curl/8.21.0" "-"
172.19.0.51 - - [22/Jul/2026:07:59:08 +0000] "GET / HTTP/1.1" 200 9903 "-" "curl/8.21.0" "-"
172.19.0.12 - - [22/Jul/2026:07:59:10 +0000] "GET /robots.txt HTTP/1.1" 200 28 "-" "curl/8.21.0" "-"
172.19.0.50 - - [22/Jul/2026:07:59:12 +0000] "GET /rest/products/1/reviews HTTP/1.1" 200 395 "-" "curl/8.21.0" "-"
172.19.0.51 - - [22/Jul/2026:07:59:16 +0000] "GET /rest/products HTTP/1.1" 500 3022 "-" "curl/8.21.0" "-"
172.19.0.50 - - [22/Jul/2026:07:59:20 +0000] "GET /rest/products/search?q=orange HTTP/1.1" 200 301 "-" "curl/8.21.0" "-"
172.19.0.12 - - [22/Jul/2026:07:59:21 +0000] "GET /.env HTTP/1.1" 403 146 "-" "curl/8.21.0" "-"
172.19.0.50 - - [22/Jul/2026:07:59:21 +0000] "GET / HTTP/1.1" 200 9903 "-" "curl/8.21.0" "-"
172.19.0.50 - - [22/Jul/2026:07:59:25 +0000] "GET / HTTP/1.1" 200 9903 "-" "curl/8.21.0" "-"
172.19.0.50 - - [22/Jul/2026:07:59:26 +0000] "GET /rest/products/2/reviews HTTP/1.1" 200 184 "-" "curl/8.21.0" "-"
172.19.0.51 - - [22/Jul/2026:07:59:28 +0000] "GET /rest/products HTTP/1.1" 500 3022 "-" "curl/8.21.0" "-"
172.19.0.50 - - [22/Jul/2026:07:59:31 +0000] "GET /rest/products/1/reviews HTTP/1.1" 200 395 "-" "curl/8.21.0" "-"
172.19.0.51 - - [22/Jul/2026:07:59:34 +0000] "GET /rest/products/search?q=apple HTTP/1.1" 200 921 "-" "curl/8.21.0" "-"
172.19.0.52 - - [22/Jul/2026:07:59:35 +0000] "GET / HTTP/1.1" 200 9903 "-" "curl/8.21.0" "-"
172.19.0.12 - - [22/Jul/2026:07:59:36 +0000] "GET /.git/config HTTP/1.1" 403 146 "-" "curl/8.21.0" "-"
172.19.0.52 - - [22/Jul/2026:07:59:37 +0000] "GET / HTTP/1.1" 200 9903 "-" "curl/8.21.0" "-"
172.19.0.52 - - [22/Jul/2026:07:59:40 +0000] "GET /rest/products/1/reviews HTTP/1.1" 200 395 "-" "curl/8.21.0" "-"
172.19.0.50 - - [22/Jul/2026:07:59:41 +0000] "GET /rest/products/search?q=banana HTTP/1.1" 200 277 "-" "curl/8.21.0" "-"
172.19.0.52 - - [22/Jul/2026:07:59:45 +0000] "GET / HTTP/1.1" 200 9903 "-" "curl/8.21.0" "-"
172.19.0.51 - - [22/Jul/2026:07:59:49 +0000] "GET /rest/products HTTP/1.1" 500 3022 "-" "curl/8.21.0" "-"
172.19.0.52 - - [22/Jul/2026:07:59:51 +0000] "GET / HTTP/1.1" 200 9903 "-" "curl/8.21.0" "-"
172.19.0.51 - - [22/Jul/2026:07:59:53 +0000] "GET /rest/products/search?q=apple HTTP/1.1" 200 921 "-" "curl/8.21.0" "-"
172.19.0.12 - - [22/Jul/2026:07:59:55 +0000] "GET /.git/HEAD HTTP/1.1" 403 146 "-" "curl/8.21.0" "-"
172.19.0.51 - - [22/Jul/2026:07:59:56 +0000] "GET /rest/products/search?q=orange HTTP/1.1" 200 301 "-" "curl/8.21.0" "-"
172.19.0.51 - - [22/Jul/2026:07:59:59 +0000] "GET /rest/products HTTP/1.1" 500 3022 "-" "curl/8.21.0" "-"
172.19.0.51 - - [22/Jul/2026:08:00:01 +0000] "GET /rest/products/2/reviews HTTP/1.1" 200 184 "-" "curl/8.21.0" "-"
172.19.0.51 - - [22/Jul/2026:08:00:05 +0000] "GET / HTTP/1.1" 200 9903 "-" "curl/8.21.0" "-"
172.19.0.51 - - [22/Jul/2026:08:00:06 +0000] "GET / HTTP/1.1" 200 9903 "-" "curl/8.21.0" "-"
172.19.0.12 - - [22/Jul/2026:08:00:10 +0000] "GET /admin HTTP/1.1" 200 9903 "-" "curl/8.21.0" "-"
172.19.0.52 - - [22/Jul/2026:08:00:10 +0000] "GET / HTTP/1.1" 200 9903 "-" "curl/8.21.0" "-"
172.19.0.50 - - [22/Jul/2026:08:00:13 +0000] "GET /rest/products/search?q=apple HTTP/1.1" 200 921 "-" "curl/8.21.0" "-"
172.19.0.51 - - [22/Jul/2026:08:00:17 +0000] "GET /rest/products HTTP/1.1" 500 3022 "-" "curl/8.21.0" "-"
172.19.0.12 - - [22/Jul/2026:08:00:20 +0000] "GET /swagger-ui.html HTTP/1.1" 200 9903 "-" "curl/8.21.0" "-"
172.19.0.50 - - [22/Jul/2026:08:00:21 +0000] "GET /rest/products/search?q=banana HTTP/1.1" 200 277 "-" "curl/8.21.0" "-"
172.19.0.52 - - [22/Jul/2026:08:00:22 +0000] "GET / HTTP/1.1" 200 9903 "-" "curl/8.21.0" "-"
172.19.0.50 - - [22/Jul/2026:08:00:25 +0000] "GET /rest/products/1/reviews HTTP/1.1" 200 395 "-" "curl/8.21.0" "-"
172.19.0.52 - - [22/Jul/2026:08:00:29 +0000] "GET /rest/products/1/reviews HTTP/1.1" 200 395 "-" "curl/8.21.0" "-"
172.19.0.50 - - [22/Jul/2026:08:00:32 +0000] "GET /rest/products/search?q=orange HTTP/1.1" 200 301 "-" "curl/8.21.0" "-"
172.19.0.52 - - [22/Jul/2026:08:00:35 +0000] "GET /rest/products/search?q=apple HTTP/1.1" 200 921 "-" "curl/8.21.0" "-"
172.19.0.12 - - [22/Jul/2026:08:00:36 +0000] "GET /api-docs HTTP/1.1" 301 158 "-" "curl/8.21.0" "-"
172.19.0.51 - - [22/Jul/2026:08:00:37 +0000] "GET /rest/products/2/reviews HTTP/1.1" 200 184 "-" "curl/8.21.0" "-"
172.19.0.52 - - [22/Jul/2026:08:00:40 +0000] "GET /rest/products/search?q=apple HTTP/1.1" 200 921 "-" "curl/8.21.0" "-"
172.19.0.51 - - [22/Jul/2026:08:00:41 +0000] "GET /rest/products HTTP/1.1" 500 3022 "-" "curl/8.21.0" "-"
172.19.0.50 - - [22/Jul/2026:08:00:43 +0000] "GET / HTTP/1.1" 200 9903 "-" "curl/8.21.0" "-"
172.19.0.52 - - [22/Jul/2026:08:00:44 +0000] "GET /rest/products/search?q=orange HTTP/1.1" 200 301 "-" "curl/8.21.0" "-"
172.19.0.50 - - [22/Jul/2026:08:00:47 +0000] "GET /rest/products/1/reviews HTTP/1.1" 200 395 "-" "curl/8.21.0" "-"
172.19.0.52 - - [22/Jul/2026:08:00:48 +0000] "GET /rest/products/search?q=apple HTTP/1.1" 200 921 "-" "curl/8.21.0" "-"
172.19.0.50 - - [22/Jul/2026:08:00:50 +0000] "GET /rest/products/search?q=banana HTTP/1.1" 200 277 "-" "curl/8.21.0" "-"
172.19.0.12 - - [22/Jul/2026:08:00:51 +0000] "GET /phpmyadmin HTTP/1.1" 200 9903 "-" "curl/8.21.0" "-"
172.19.0.52 - - [22/Jul/2026:08:00:52 +0000] "GET / HTTP/1.1" 200 9903 "-" "curl/8.21.0" "-"
172.19.0.50 - - [22/Jul/2026:08:00:56 +0000] "GET / HTTP/1.1" 200 9903 "-" "curl/8.21.0" "-"
172.19.0.52 - - [22/Jul/2026:08:00:58 +0000] "GET /rest/products HTTP/1.1" 500 3022 "-" "curl/8.21.0" "-"
172.19.0.50 - - [22/Jul/2026:08:01:00 +0000] "GET /rest/products/search?q=orange HTTP/1.1" 200 301 "-" "curl/8.21.0" "-"
172.19.0.12 - - [22/Jul/2026:08:01:02 +0000] "GET /wp-admin HTTP/1.1" 200 9903 "-" "curl/8.21.0" "-"
172.19.0.50 - - [22/Jul/2026:08:01:04 +0000] "GET /rest/products HTTP/1.1" 500 3022 "-" "curl/8.21.0" "-"
172.19.0.52 - - [22/Jul/2026:08:01:06 +0000] "GET /rest/products/search?q=orange HTTP/1.1" 200 301 "-" "curl/8.21.0" "-"
172.19.0.52 - - [22/Jul/2026:08:01:09 +0000] "GET / HTTP/1.1" 200 9903 "-" "curl/8.21.0" "-"
172.19.0.50 - - [22/Jul/2026:08:01:11 +0000] "GET /rest/products/search?q=banana HTTP/1.1" 200 277 "-" "curl/8.21.0" "-"
172.19.0.51 - - [22/Jul/2026:08:01:14 +0000] "GET / HTTP/1.1" 200 9903 "-" "curl/8.21.0" "-"
172.19.0.12 - - [22/Jul/2026:08:01:16 +0000] "GET /console HTTP/1.1" 200 9903 "-" "curl/8.21.0" "-"
172.19.0.52 - - [22/Jul/2026:08:01:17 +0000] "GET /rest/products/search?q=orange HTTP/1.1" 200 301 "-" "curl/8.21.0" "-"
172.19.0.52 - - [22/Jul/2026:08:01:19 +0000] "GET /rest/products HTTP/1.1" 500 3022 "-" "curl/8.21.0" "-"
172.19.0.51 - - [22/Jul/2026:08:01:21 +0000] "GET / HTTP/1.1" 200 9903 "-" "curl/8.21.0" "-"
172.19.0.50 - - [22/Jul/2026:08:01:24 +0000] "GET / HTTP/1.1" 200 9903 "-" "curl/8.21.0" "-"
172.19.0.50 - - [22/Jul/2026:08:01:28 +0000] "GET /rest/products/search?q=banana HTTP/1.1" 200 277 "-" "curl/8.21.0" "-"
172.19.0.50 - - [22/Jul/2026:08:01:31 +0000] "GET /rest/products HTTP/1.1" 500 3022 "-" "curl/8.21.0" "-"
172.19.0.12 - - [22/Jul/2026:08:01:31 +0000] "GET /server-status HTTP/1.1" 200 9903 "-" "curl/8.21.0" "-"
172.19.0.50 - - [22/Jul/2026:08:01:34 +0000] "GET /rest/products/search?q=orange HTTP/1.1" 200 301 "-" "curl/8.21.0" "-"
172.19.0.52 - - [22/Jul/2026:08:01:36 +0000] "GET / HTTP/1.1" 200 9903 "-" "curl/8.21.0" "-"
172.19.0.52 - - [22/Jul/2026:08:01:39 +0000] "GET / HTTP/1.1" 200 9903 "-" "curl/8.21.0" "-"
172.19.0.52 - - [22/Jul/2026:08:01:42 +0000] "GET /rest/products/search?q=banana HTTP/1.1" 200 277 "-" "curl/8.21.0" "-"
172.19.0.51 - - [22/Jul/2026:08:01:44 +0000] "GET /rest/products HTTP/1.1" 500 3022 "-" "curl/8.21.0" "-"
172.19.0.51 - - [22/Jul/2026:08:01:47 +0000] "GET /rest/products/2/reviews HTTP/1.1" 200 184 "-" "curl/8.21.0" "-"
172.19.0.13 - - [22/Jul/2026:08:01:48 +0000] "POST /rest/user/login HTTP/1.1" 401 26 "-" "curl/8.21.0" "-"
172.19.0.51 - - [22/Jul/2026:08:01:51 +0000] "GET /rest/products/search?q=banana HTTP/1.1" 200 277 "-" "curl/8.21.0" "-"
172.19.0.51 - - [22/Jul/2026:08:01:52 +0000] "GET /rest/products/search?q=orange HTTP/1.1" 200 301 "-" "curl/8.21.0" "-"
172.19.0.50 - - [22/Jul/2026:08:01:55 +0000] "GET /rest/products/2/reviews HTTP/1.1" 200 184 "-" "curl/8.21.0" "-"
172.19.0.50 - - [22/Jul/2026:08:01:57 +0000] "GET / HTTP/1.1" 200 9903 "-" "curl/8.21.0" "-"
172.19.0.50 - - [22/Jul/2026:08:01:59 +0000] "GET / HTTP/1.1" 200 9903 "-" "curl/8.21.0" "-"
172.19.0.50 - - [22/Jul/2026:08:02:00 +0000] "GET /rest/products/search?q=apple HTTP/1.1" 200 921 "-" "curl/8.21.0" "-"
172.19.0.13 - - [22/Jul/2026:08:02:01 +0000] "POST /rest/user/login HTTP/1.1" 401 26 "-" "curl/8.21.0" "-"
172.19.0.52 - - [22/Jul/2026:08:02:04 +0000] "GET /rest/products/2/reviews HTTP/1.1" 200 184 "-" "curl/8.21.0" "-"
172.19.0.50 - - [22/Jul/2026:08:02:08 +0000] "GET /rest/products/2/reviews HTTP/1.1" 200 184 "-" "curl/8.21.0" "-"
172.19.0.51 - - [22/Jul/2026:08:02:09 +0000] "GET /rest/products/search?q=apple HTTP/1.1" 200 921 "-" "curl/8.21.0" "-"
172.19.0.52 - - [22/Jul/2026:08:02:11 +0000] "GET /rest/products/1/reviews HTTP/1.1" 200 395 "-" "curl/8.21.0" "-"
172.19.0.50 - - [22/Jul/2026:08:02:14 +0000] "GET /rest/products/search?q=apple HTTP/1.1" 200 921 "-" "curl/8.21.0" "-"
172.19.0.13 - - [22/Jul/2026:08:02:17 +0000] "POST /rest/user/login HTTP/1.1" 401 26 "-" "curl/8.21.0" "-"
172.19.0.51 - - [22/Jul/2026:08:02:17 +0000] "GET /rest/products/search?q=orange HTTP/1.1" 200 301 "-" "curl/8.21.0" "-"
172.19.0.52 - - [22/Jul/2026:08:02:20 +0000] "GET /rest/products/1/reviews HTTP/1.1" 200 395 "-" "curl/8.21.0" "-"
172.19.0.51 - - [22/Jul/2026:08:02:24 +0000] "GET /rest/products/search?q=orange HTTP/1.1" 200 301 "-" "curl/8.21.0" "-"
172.19.0.51 - - [22/Jul/2026:08:02:28 +0000] "GET /rest/products/2/reviews HTTP/1.1" 200 184 "-" "curl/8.21.0" "-"
172.19.0.13 - - [22/Jul/2026:08:02:30 +0000] "POST /rest/user/login HTTP/1.1" 200 799 "-" "curl/8.21.0" "-"
172.19.0.51 - - [22/Jul/2026:08:02:31 +0000] "GET / HTTP/1.1" 200 9903 "-" "curl/8.21.0" "-"
172.19.0.50 - - [22/Jul/2026:08:02:33 +0000] "GET / HTTP/1.1" 200 9903 "-" "curl/8.21.0" "-"
172.19.0.50 - - [22/Jul/2026:08:02:37 +0000] "GET /rest/products/search?q=banana HTTP/1.1" 200 277 "-" "curl/8.21.0" "-"
172.19.0.51 - - [22/Jul/2026:08:02:41 +0000] "GET / HTTP/1.1" 200 9903 "-" "curl/8.21.0" "-"
172.19.0.52 - - [22/Jul/2026:08:02:44 +0000] "GET / HTTP/1.1" 200 9903 "-" "curl/8.21.0" "-"
172.19.0.50 - - [22/Jul/2026:08:02:47 +0000] "GET /rest/products/1/reviews HTTP/1.1" 200 395 "-" "curl/8.21.0" "-"
172.19.0.13 - - [22/Jul/2026:08:02:49 +0000] "POST /rest/user/login HTTP/1.1" 401 26 "-" "curl/8.21.0" "-"
172.19.0.50 - - [22/Jul/2026:08:02:49 +0000] "GET /rest/products/2/reviews HTTP/1.1" 200 184 "-" "curl/8.21.0" "-"
172.19.0.50 - - [22/Jul/2026:08:02:53 +0000] "GET /rest/products/search?q=orange HTTP/1.1" 200 301 "-" "curl/8.21.0" "-"
172.19.0.52 - - [22/Jul/2026:08:02:55 +0000] "GET /rest/products/search?q=orange HTTP/1.1" 200 301 "-" "curl/8.21.0" "-"
172.19.0.51 - - [22/Jul/2026:08:02:56 +0000] "GET /rest/products/search?q=apple HTTP/1.1" 200 921 "-" "curl/8.21.0" "-"
172.19.0.51 - - [22/Jul/2026:08:02:58 +0000] "GET /rest/products/2/reviews HTTP/1.1" 200 184 "-" "curl/8.21.0" "-"
172.19.0.13 - - [22/Jul/2026:08:02:59 +0000] "POST /rest/user/login HTTP/1.1" 401 26 "-" "curl/8.21.0" "-"
172.19.0.51 - - [22/Jul/2026:08:03:00 +0000] "GET /rest/products/1/reviews HTTP/1.1" 200 395 "-" "curl/8.21.0" "-"
172.19.0.51 - - [22/Jul/2026:08:03:03 +0000] "GET / HTTP/1.1" 200 9903 "-" "curl/8.21.0" "-"
172.19.0.50 - - [22/Jul/2026:08:03:05 +0000] "GET /rest/products/search?q=banana HTTP/1.1" 200 277 "-" "curl/8.21.0" "-"
172.19.0.52 - - [22/Jul/2026:08:03:08 +0000] "GET / HTTP/1.1" 200 9903 "-" "curl/8.21.0" "-"
172.19.0.52 - - [22/Jul/2026:08:03:11 +0000] "GET /rest/products/search?q=orange HTTP/1.1" 200 301 "-" "curl/8.21.0" "-"
172.19.0.50 - - [22/Jul/2026:08:03:12 +0000] "GET / HTTP/1.1" 200 9903 "-" "curl/8.21.0" "-"
172.19.0.13 - - [22/Jul/2026:08:03:14 +0000] "POST /rest/user/login HTTP/1.1" 401 26 "-" "curl/8.21.0" "-"
172.19.0.52 - - [22/Jul/2026:08:03:14 +0000] "GET / HTTP/1.1" 200 9903 "-" "curl/8.21.0" "-"
172.19.0.50 - - [22/Jul/2026:08:03:16 +0000] "GET /rest/products/2/reviews HTTP/1.1" 200 184 "-" "curl/8.21.0" "-"
172.19.0.51 - - [22/Jul/2026:08:03:20 +0000] "GET / HTTP/1.1" 200 9903 "-" "curl/8.21.0" "-"
172.19.0.50 - - [22/Jul/2026:08:03:22 +0000] "GET / HTTP/1.1" 200 9903 "-" "curl/8.21.0" "-"
172.19.0.51 - - [22/Jul/2026:08:03:25 +0000] "GET /rest/products/search?q=orange HTTP/1.1" 200 301 "-" "curl/8.21.0" "-"
172.19.0.51 - - [22/Jul/2026:08:03:27 +0000] "GET /rest/products/1/reviews HTTP/1.1" 200 395 "-" "curl/8.21.0" "-"
172.19.0.13 - - [22/Jul/2026:08:03:30 +0000] "POST /rest/user/login HTTP/1.1" 401 26 "-" "curl/8.21.0" "-"
172.19.0.51 - - [22/Jul/2026:08:03:30 +0000] "GET /rest/products HTTP/1.1" 500 3022 "-" "curl/8.21.0" "-"
172.19.0.51 - - [22/Jul/2026:08:03:33 +0000] "GET /rest/products/search?q=banana HTTP/1.1" 200 277 "-" "curl/8.21.0" "-"
172.19.0.52 - - [22/Jul/2026:08:03:35 +0000] "GET / HTTP/1.1" 200 9903 "-" "curl/8.21.0" "-"
172.19.0.50 - - [22/Jul/2026:08:03:37 +0000] "GET /rest/products/2/reviews HTTP/1.1" 200 184 "-" "curl/8.21.0" "-"
172.19.0.51 - - [22/Jul/2026:08:03:39 +0000] "GET /rest/products/2/reviews HTTP/1.1" 200 184 "-" "curl/8.21.0" "-"
172.19.0.50 - - [22/Jul/2026:08:03:43 +0000] "GET /rest/products/1/reviews HTTP/1.1" 200 395 "-" "curl/8.21.0" "-"
172.19.0.52 - - [22/Jul/2026:08:03:46 +0000] "GET /rest/products/search?q=apple HTTP/1.1" 200 921 "-" "curl/8.21.0" "-"
172.19.0.52 - - [22/Jul/2026:08:03:49 +0000] "GET / HTTP/1.1" 200 9903 "-" "curl/8.21.0" "-"
172.19.0.13 - - [22/Jul/2026:08:03:49 +0000] "POST /rest/user/login HTTP/1.1" 401 26 "-" "curl/8.21.0" "-"
172.19.0.51 - - [22/Jul/2026:08:03:53 +0000] "GET /rest/products HTTP/1.1" 500 3022 "-" "curl/8.21.0" "-"
172.19.0.52 - - [22/Jul/2026:08:03:56 +0000] "GET /rest/products/search?q=banana HTTP/1.1" 200 277 "-" "curl/8.21.0" "-"
172.19.0.51 - - [22/Jul/2026:08:04:00 +0000] "GET /rest/products/search?q=banana HTTP/1.1" 200 277 "-" "curl/8.21.0" "-"
172.19.0.51 - - [22/Jul/2026:08:04:04 +0000] "GET / HTTP/1.1" 200 9903 "-" "curl/8.21.0" "-"
172.19.0.51 - - [22/Jul/2026:08:04:06 +0000] "GET / HTTP/1.1" 200 9903 "-" "curl/8.21.0" "-"
172.19.0.50 - - [22/Jul/2026:08:04:07 +0000] "GET /rest/products/search?q=orange HTTP/1.1" 200 301 "-" "curl/8.21.0" "-"
172.19.0.13 - - [22/Jul/2026:08:04:07 +0000] "POST /rest/user/login HTTP/1.1" 401 26 "-" "curl/8.21.0" "-"
172.19.0.52 - - [22/Jul/2026:08:04:10 +0000] "GET /rest/products/search?q=banana HTTP/1.1" 200 277 "-" "curl/8.21.0" "-"
172.19.0.50 - - [22/Jul/2026:08:04:12 +0000] "GET /rest/products/1/reviews HTTP/1.1" 200 395 "-" "curl/8.21.0" "-"
172.19.0.50 - - [22/Jul/2026:08:04:14 +0000] "GET /rest/products/search?q=banana HTTP/1.1" 200 277 "-" "curl/8.21.0" "-"
172.19.0.52 - - [22/Jul/2026:08:04:16 +0000] "GET / HTTP/1.1" 200 9903 "-" "curl/8.21.0" "-"
172.19.0.51 - - [22/Jul/2026:08:04:18 +0000] "GET /rest/products/2/reviews HTTP/1.1" 200 184 "-" "curl/8.21.0" "-"
172.19.0.52 - - [22/Jul/2026:08:04:21 +0000] "GET /rest/products/search?q=apple HTTP/1.1" 200 921 "-" "curl/8.21.0" "-"
172.19.0.52 - - [22/Jul/2026:08:04:22 +0000] "GET / HTTP/1.1" 200 9903 "-" "curl/8.21.0" "-"
172.19.0.52 - - [22/Jul/2026:08:04:24 +0000] "GET /rest/products/2/reviews HTTP/1.1" 200 184 "-" "curl/8.21.0" "-"
172.19.0.14 - - [22/Jul/2026:08:04:27 +0000] "GET /rest/admin/application-configuration HTTP/1.1" 200 23513 "-" "curl/8.21.0" "-"
172.19.0.51 - - [22/Jul/2026:08:04:27 +0000] "GET / HTTP/1.1" 200 9903 "-" "curl/8.21.0" "-"
172.19.0.50 - - [22/Jul/2026:08:04:29 +0000] "GET /rest/products/search?q=banana HTTP/1.1" 200 277 "-" "curl/8.21.0" "-"
172.19.0.50 - - [22/Jul/2026:08:04:30 +0000] "GET /rest/products/2/reviews HTTP/1.1" 200 184 "-" "curl/8.21.0" "-"
172.19.0.51 - - [22/Jul/2026:08:04:33 +0000] "GET /rest/products/search?q=orange HTTP/1.1" 200 301 "-" "curl/8.21.0" "-"
172.19.0.52 - - [22/Jul/2026:08:04:35 +0000] "GET /rest/products/2/reviews HTTP/1.1" 200 184 "-" "curl/8.21.0" "-"
172.19.0.52 - - [22/Jul/2026:08:04:39 +0000] "GET / HTTP/1.1" 200 9903 "-" "curl/8.21.0" "-"
172.19.0.52 - - [22/Jul/2026:08:04:42 +0000] "GET /rest/products/2/reviews HTTP/1.1" 200 184 "-" "curl/8.21.0" "-"
172.19.0.51 - - [22/Jul/2026:08:04:43 +0000] "GET / HTTP/1.1" 200 9903 "-" "curl/8.21.0" "-"
172.19.0.51 - - [22/Jul/2026:08:04:45 +0000] "GET / HTTP/1.1" 200 9903 "-" "curl/8.21.0" "-"
172.19.0.14 - - [22/Jul/2026:08:04:47 +0000] "GET /rest/admin/application-version HTTP/1.1" 200 20 "-" "curl/8.21.0" "-"
172.19.0.52 - - [22/Jul/2026:08:04:47 +0000] "GET /rest/products HTTP/1.1" 500 3022 "-" "curl/8.21.0" "-"
172.19.0.51 - - [22/Jul/2026:08:04:49 +0000] "GET /rest/products/2/reviews HTTP/1.1" 200 184 "-" "curl/8.21.0" "-"
172.19.0.51 - - [22/Jul/2026:08:04:51 +0000] "GET /rest/products/2/reviews HTTP/1.1" 200 184 "-" "curl/8.21.0" "-"
172.19.0.51 - - [22/Jul/2026:08:04:54 +0000] "GET /rest/products/search?q=banana HTTP/1.1" 200 277 "-" "curl/8.21.0" "-"
172.19.0.51 - - [22/Jul/2026:08:04:57 +0000] "GET / HTTP/1.1" 200 9903 "-" "curl/8.21.0" "-"
172.19.0.51 - - [22/Jul/2026:08:05:00 +0000] "GET / HTTP/1.1" 200 9903 "-" "curl/8.21.0" "-"
172.19.0.51 - - [22/Jul/2026:08:05:03 +0000] "GET / HTTP/1.1" 200 9903 "-" "curl/8.21.0" "-"
172.19.0.14 - - [22/Jul/2026:08:05:05 +0000] "GET /rest/admin/application-configuration HTTP/1.1" 200 23513 "-" "curl/8.21.0" "-"
172.19.0.50 - - [22/Jul/2026:08:05:05 +0000] "GET /rest/products HTTP/1.1" 500 3022 "-" "curl/8.21.0" "-"
172.19.0.50 - - [22/Jul/2026:08:05:07 +0000] "GET /rest/products HTTP/1.1" 500 3022 "-" "curl/8.21.0" "-"
172.19.0.50 - - [22/Jul/2026:08:05:11 +0000] "GET /rest/products/search?q=banana HTTP/1.1" 200 277 "-" "curl/8.21.0" "-"
172.19.0.52 - - [22/Jul/2026:08:05:13 +0000] "GET / HTTP/1.1" 200 9903 "-" "curl/8.21.0" "-"
172.19.0.14 - - [22/Jul/2026:08:05:16 +0000] "POST /api/Users HTTP/1.1" 400 92 "-" "curl/8.21.0" "-"
172.19.0.51 - - [22/Jul/2026:08:05:16 +0000] "GET /rest/products/search?q=apple HTTP/1.1" 200 921 "-" "curl/8.21.0" "-"
172.19.0.52 - - [22/Jul/2026:08:05:19 +0000] "GET / HTTP/1.1" 200 9903 "-" "curl/8.21.0" "-"
172.19.0.51 - - [22/Jul/2026:08:05:23 +0000] "GET /rest/products/search?q=banana HTTP/1.1" 200 277 "-" "curl/8.21.0" "-"
172.19.0.51 - - [22/Jul/2026:08:05:24 +0000] "GET /rest/products/1/reviews HTTP/1.1" 200 395 "-" "curl/8.21.0" "-"
172.19.0.52 - - [22/Jul/2026:08:05:25 +0000] "GET / HTTP/1.1" 200 9903 "-" "curl/8.21.0" "-"
172.19.0.51 - - [22/Jul/2026:08:05:27 +0000] "GET / HTTP/1.1" 200 9903 "-" "curl/8.21.0" "-"
172.19.0.50 - - [22/Jul/2026:08:05:30 +0000] "GET /rest/products/search?q=apple HTTP/1.1" 200 921 "-" "curl/8.21.0" "-"
172.19.0.51 - - [22/Jul/2026:08:05:32 +0000] "GET /rest/products/search?q=banana HTTP/1.1" 200 277 "-" "curl/8.21.0" "-"
172.19.0.52 - - [22/Jul/2026:08:05:34 +0000] "GET /rest/products/1/reviews HTTP/1.1" 200 395 "-" "curl/8.21.0" "-"
172.19.0.14 - - [22/Jul/2026:08:05:35 +0000] "GET /rest/user/whoami HTTP/1.1" 200 11 "-" "curl/8.21.0" "-"
172.19.0.52 - - [22/Jul/2026:08:05:38 +0000] "GET / HTTP/1.1" 200 9903 "-" "curl/8.21.0" "-"
172.19.0.52 - - [22/Jul/2026:08:05:41 +0000] "GET /rest/products/search?q=orange HTTP/1.1" 200 301 "-" "curl/8.21.0" "-"
172.19.0.14 - - [22/Jul/2026:08:05:43 +0000] "POST /api/Users/1 HTTP/1.1" 500 3018 "-" "curl/8.21.0" "-"
172.19.0.52 - - [22/Jul/2026:08:05:44 +0000] "GET /rest/products/search?q=orange HTTP/1.1" 200 301 "-" "curl/8.21.0" "-"
172.19.0.50 - - [22/Jul/2026:08:05:46 +0000] "GET /rest/products/search?q=orange HTTP/1.1" 200 301 "-" "curl/8.21.0" "-"
172.19.0.50 - - [22/Jul/2026:08:05:47 +0000] "GET / HTTP/1.1" 200 9903 "-" "curl/8.21.0" "-"
172.19.0.50 - - [22/Jul/2026:08:05:50 +0000] "GET /rest/products/search?q=apple HTTP/1.1" 200 921 "-" "curl/8.21.0" "-"
172.19.0.50 - - [22/Jul/2026:08:05:54 +0000] "GET / HTTP/1.1" 200 9903 "-" "curl/8.21.0" "-"
172.19.0.50 - - [22/Jul/2026:08:05:56 +0000] "GET /rest/products/search?q=orange HTTP/1.1" 200 301 "-" "curl/8.21.0" "-"
172.19.0.15 - - [22/Jul/2026:08:05:56 +0000] "GET /ftp/ HTTP/1.1" 200 11274 "-" "curl/8.21.0" "-"
172.19.0.51 - - [22/Jul/2026:08:05:58 +0000] "GET /rest/products HTTP/1.1" 500 3022 "-" "curl/8.21.0" "-"
172.19.0.50 - - [22/Jul/2026:08:06:02 +0000] "GET / HTTP/1.1" 200 9903 "-" "curl/8.21.0" "-"
172.19.0.52 - - [22/Jul/2026:08:06:05 +0000] "GET / HTTP/1.1" 200 9903 "-" "curl/8.21.0" "-"
172.19.0.51 - - [22/Jul/2026:08:06:08 +0000] "GET / HTTP/1.1" 200 9903 "-" "curl/8.21.0" "-"
172.19.0.51 - - [22/Jul/2026:08:06:10 +0000] "GET /rest/products/search?q=apple HTTP/1.1" 200 921 "-" "curl/8.21.0" "-"
172.19.0.15 - - [22/Jul/2026:08:06:13 +0000] "GET /ftp/coupons_2013.md.bak HTTP/1.1" 403 146 "-" "curl/8.21.0" "-"
172.19.0.50 - - [22/Jul/2026:08:06:14 +0000] "GET /rest/products/1/reviews HTTP/1.1" 200 395 "-" "curl/8.21.0" "-"
172.19.0.50 - - [22/Jul/2026:08:06:18 +0000] "GET /rest/products/search?q=orange HTTP/1.1" 200 301 "-" "curl/8.21.0" "-"
172.19.0.50 - - [22/Jul/2026:08:06:20 +0000] "GET /rest/products/1/reviews HTTP/1.1" 200 395 "-" "curl/8.21.0" "-"
172.19.0.15 - - [22/Jul/2026:08:06:21 +0000] "GET /ftp/eastere.gg HTTP/1.1" 403 1946 "-" "curl/8.21.0" "-"
172.19.0.52 - - [22/Jul/2026:08:06:23 +0000] "GET /rest/products/search?q=banana HTTP/1.1" 200 277 "-" "curl/8.21.0" "-"
172.19.0.50 - - [22/Jul/2026:08:06:26 +0000] "GET / HTTP/1.1" 200 9903 "-" "curl/8.21.0" "-"
172.19.0.51 - - [22/Jul/2026:08:06:29 +0000] "GET /rest/products/search?q=banana HTTP/1.1" 200 277 "-" "curl/8.21.0" "-"
172.19.0.15 - - [22/Jul/2026:08:06:31 +0000] "GET /ftp/legal.md HTTP/1.1" 200 3047 "-" "curl/8.21.0" "-"
172.19.0.50 - - [22/Jul/2026:08:06:31 +0000] "GET /rest/products/1/reviews HTTP/1.1" 200 395 "-" "curl/8.21.0" "-"
172.19.0.50 - - [22/Jul/2026:08:06:34 +0000] "GET /rest/products/search?q=apple HTTP/1.1" 200 921 "-" "curl/8.21.0" "-"
172.19.0.50 - - [22/Jul/2026:08:06:38 +0000] "GET /rest/products/search?q=orange HTTP/1.1" 200 301 "-" "curl/8.21.0" "-"
172.19.0.50 - - [22/Jul/2026:08:06:41 +0000] "GET /rest/products/search?q=apple HTTP/1.1" 200 921 "-" "curl/8.21.0" "-"
172.19.0.15 - - [22/Jul/2026:08:06:42 +0000] "GET /rest/user/data-delight HTTP/1.1" 500 3040 "-" "curl/8.21.0" "-"
172.19.0.50 - - [22/Jul/2026:08:06:43 +0000] "GET / HTTP/1.1" 200 9903 "-" "curl/8.21.0" "-"
172.19.0.51 - - [22/Jul/2026:08:06:45 +0000] "GET /rest/products/1/reviews HTTP/1.1" 200 395 "-" "curl/8.21.0" "-"
172.19.0.51 - - [22/Jul/2026:08:06:49 +0000] "GET / HTTP/1.1" 200 9903 "-" "curl/8.21.0" "-"
172.19.0.51 - - [22/Jul/2026:08:06:50 +0000] "GET /rest/products/1/reviews HTTP/1.1" 200 395 "-" "curl/8.21.0" "-"
172.19.0.50 - - [22/Jul/2026:08:06:51 +0000] "GET / HTTP/1.1" 200 9903 "-" "curl/8.21.0" "-"
172.19.0.51 - - [22/Jul/2026:08:06:55 +0000] "GET /rest/products/search?q=banana HTTP/1.1" 200 277 "-" "curl/8.21.0" "-"
172.19.0.15 - - [22/Jul/2026:08:06:56 +0000] "GET /rest/user/accounting HTTP/1.1" 500 3036 "-" "curl/8.21.0" "-"
172.19.0.51 - - [22/Jul/2026:08:06:58 +0000] "GET / HTTP/1.1" 200 9903 "-" "curl/8.21.0" "-"
172.19.0.52 - - [22/Jul/2026:08:07:00 +0000] "GET / HTTP/1.1" 200 9903 "-" "curl/8.21.0" "-"
172.19.0.51 - - [22/Jul/2026:08:07:03 +0000] "GET / HTTP/1.1" 200 9903 "-" "curl/8.21.0" "-"
172.19.0.50 - - [22/Jul/2026:08:07:06 +0000] "GET / HTTP/1.1" 200 9903 "-" "curl/8.21.0" "-"
172.19.0.15 - - [22/Jul/2026:08:07:08 +0000] "GET /rest/user/whoami HTTP/1.1" 200 11 "-" "curl/8.21.0" "-"
172.19.0.52 - - [22/Jul/2026:08:07:09 +0000] "GET / HTTP/1.1" 200 9903 "-" "curl/8.21.0" "-"
172.19.0.52 - - [22/Jul/2026:08:07:13 +0000] "GET /rest/products/search?q=orange HTTP/1.1" 200 301 "-" "curl/8.21.0" "-"
172.19.0.51 - - [22/Jul/2026:08:07:17 +0000] "GET / HTTP/1.1" 200 9903 "-" "curl/8.21.0" "-"
172.19.0.50 - - [22/Jul/2026:08:07:18 +0000] "GET / HTTP/1.1" 200 9903 "-" "curl/8.21.0" "-"
172.19.0.52 - - [22/Jul/2026:08:07:21 +0000] "GET /rest/products HTTP/1.1" 500 3022 "-" "curl/8.21.0" "-"
172.19.0.52 - - [22/Jul/2026:08:07:24 +0000] "GET /rest/products/2/reviews HTTP/1.1" 200 184 "-" "curl/8.21.0" "-"
